-------------------------------------------------------------------------------

File Format: Excellon 2, 2.4, Absolute, Imperial, None
Ignored Duplicate Drills: 0

-------------------------------------------------------------------------------
Distance Units: MM
-------------------------------------------------------------------------------
      Tool      Size   Type   Count   Actual Distance   Effective Distance
         1     0.254    PTH     816          1210.632             1144.422
         2     0.300    PTH      80           426.783              407.832
         3     0.400    PTH      75           442.160              418.534
         4     0.500    PTH     123           611.732              566.410
         5     0.600    PTH     145           986.284              950.179
         6     0.700    PTH      30           310.642              294.984
         7     0.800    PTH      22           332.977              330.203
         8     0.900    PTH      16            88.520               88.520
         9     0.900    PTH      32           345.026              335.283
        10     1.000    PTH      56           259.028              255.381
        11     1.000    PTH       1             0.000                0.000
        12     1.100    PTH       4            13.220               13.220
        13     1.200    PTH       1             0.000                0.000
        14     1.500    PTH      30           235.465              235.121
        15     3.000    PTH       6           288.211              280.000
        16     3.200    PTH       2            11.430               11.430
-------------------------------------------------------------------------------
Total:  16                     1439          5562.110             5331.519
-------------------------------------------------------------------------------
